<app:a xmlns:app="http://www.deegree.org/app">
  
  
  <nix:d xmlns:nix="http://www.deegree.org/nix"/>

</app:a>