<aixm:VerticalStructure gml:id="ID_466" xmlns:message="http://www.aixm.aero/schema/5.1/message"
  xmlns:gts="http://www.isotc211.org/2005/gts" xmlns:gco="http://www.isotc211.org/2005/gco" xmlns:xsd="http://www.w3.org/2001/XMLSchema"
  xmlns:gml="http://www.opengis.net/gml/3.2" xmlns:gss="http://www.isotc211.org/2005/gss" xmlns:aixm="http://www.aixm.aero/schema/5.1"
  xmlns:gsr="http://www.isotc211.org/2005/gsr" xmlns:gmd="http://www.isotc211.org/2005/gmd" xmlns:event="http://www.aixm.aero/schema/5.1/event"
  xmlns:xlink="http://www.w3.org/1999/xlink" xmlns:xsi="http://www.w3.org/2001/XMLSchema-instance">
    <gml:identifier codeSpace="urn:uuid:">8c755520-b42b-11e3-a5e2-0800500c9a66</gml:identifier>
    <aixm:featureMetadata>
        <gmd:MD_Metadata>
            <gmd:characterSet>
                <gmd:MD_CharacterSetCode codeList="http://www.aixm.aero/schema/5.1/ISO_19139_Schemas/resources/Codelist/gmxCodelists.xml#MD_CharacterSetCode" codeListValue="utf8">utf8</gmd:MD_CharacterSetCode>
            </gmd:characterSet>
            <gmd:contact xlink:href="#MessageContact"/>
            <gmd:dateStamp>
                <gco:DateTime>2014-03-25T12:00:00Z</gco:DateTime>
            </gmd:dateStamp>
            <gmd:identificationInfo>
                <gmd:MD_DataIdentification>
                    <gmd:citation xlink:href="#MessageCitation"/>
                    <gmd:abstract>
                        <gco:CharacterString>Donlon sample data; initially created by COMSOFT (www.comsoft.aero); currently maintained by Eurocontrol. This feature demonstrates combinations of properties with schedules, PERMDELTAs and TEMPDELTAs.</gco:CharacterString>
                    </gmd:abstract>
                    <gmd:pointOfContact xlink:href="#MessagePOC"/>
                    <gmd:resourceConstraints xlink:href="#MessageConstraints"/>
                    <gmd:language>
                        <gco:CharacterString>eng</gco:CharacterString>
                    </gmd:language>
                    <gmd:topicCategory>
                        <gmd:MD_TopicCategoryCode>transportation</gmd:MD_TopicCategoryCode>
                    </gmd:topicCategory>
                </gmd:MD_DataIdentification>
            </gmd:identificationInfo>
        </gmd:MD_Metadata>
    </aixm:featureMetadata>
    <!-- commissioning PERMDELTA -->
    <aixm:timeSlice>
        <aixm:VerticalStructureTimeSlice gml:id="uuid.8c755520-b42b-11e3-a5e2-0800500c9a66.1.0">
            <gml:validTime>
                <gml:TimePeriod gml:id="uuid.8c755520-b42b-11e3-a5e2-0800500c9a66.1.0.1">
                    <gml:beginPosition>2012-10-01T05:31:00Z</gml:beginPosition>
                    <gml:endPosition indeterminatePosition="unknown"/>
                </gml:TimePeriod>
            </gml:validTime>
            <aixm:interpretation>BASELINE</aixm:interpretation>
            <aixm:sequenceNumber>1</aixm:sequenceNumber>
            <aixm:featureLifetime>
                <gml:TimePeriod gml:id="uuid.8c755520-b42b-11e3-a5e2-0800500c9a66.1.0.2">
                    <gml:beginPosition>2012-10-01T05:31:00Z</gml:beginPosition>
                    <gml:endPosition indeterminatePosition="unknown"/>
                </gml:TimePeriod>
            </aixm:featureLifetime>
            <aixm:name>EADD_CRANE_5</aixm:name>
            <aixm:type>CRANE</aixm:type>
            <aixm:lighted>YES</aixm:lighted>
            <aixm:part>
                <aixm:VerticalStructurePart gml:id="uuid.8c755520-b42b-11e3-a5e2-0800500c9a66.1.0.3">
                    <aixm:timeInterval>
                        <aixm:Timesheet gml:id="uuid.8c755520-b42b-11e3-a5e2-0800500c9a66.1.0.4">
                            <aixm:timeReference>UTC</aixm:timeReference>
                            <aixm:day>ANY</aixm:day>
                            <aixm:startTime>04:30</aixm:startTime>
                            <aixm:endTime>14:29</aixm:endTime>
                            <aixm:daylightSavingAdjust>NO</aixm:daylightSavingAdjust>
                        </aixm:Timesheet>
                    </aixm:timeInterval>
                    <aixm:verticalExtent uom="FT">85.0</aixm:verticalExtent>
                    <aixm:type>CRANE</aixm:type>
                    <aixm:mobile>YES</aixm:mobile>
                    <aixm:horizontalProjection_location>
                        <aixm:ElevatedPoint srsName="urn:ogc:def:crs:EPSG::4326" gml:id="uuid.8c755520-b42b-11e3-a5e2-0800500c9a66.1.0.5">
                            <gml:pos>52.3727777777778 -31.9425</gml:pos>
                            <aixm:elevation uom="FT">858</aixm:elevation>
                        </aixm:ElevatedPoint>
                    </aixm:horizontalProjection_location>
                </aixm:VerticalStructurePart>
            </aixm:part>
            <aixm:part>
                <aixm:VerticalStructurePart gml:id="uuid.8c755520-b42b-11e3-a5e2-0800500c9a66.1.0.6">
                    <aixm:timeInterval>
                        <aixm:Timesheet gml:id="uuid.8c755520-b42b-11e3-a5e2-0800500c9a66.1.0.7">
                            <aixm:timeReference>UTC</aixm:timeReference>
                            <aixm:day>ANY</aixm:day>
                            <aixm:startTime>00:00</aixm:startTime>
                            <aixm:endTime>24:00</aixm:endTime>
                            <aixm:daylightSavingAdjust>NO</aixm:daylightSavingAdjust>
                        </aixm:Timesheet>
                    </aixm:timeInterval>
                    <aixm:timeInterval>
                        <aixm:Timesheet gml:id="uuid.8c755520-b42b-11e3-a5e2-0800500c9a66.1.0.8">
                            <aixm:timeReference>UTC</aixm:timeReference>
                            <aixm:day>ANY</aixm:day>
                            <aixm:startTime>04:30</aixm:startTime>
                            <aixm:endTime>14:29</aixm:endTime>
                            <aixm:daylightSavingAdjust>NO</aixm:daylightSavingAdjust>
                            <aixm:excluded>YES</aixm:excluded>
                        </aixm:Timesheet>
                    </aixm:timeInterval>
                    <aixm:verticalExtent uom="FT">0.0</aixm:verticalExtent>
                    <aixm:type>CRANE</aixm:type>
                    <aixm:mobile>YES</aixm:mobile>
                    <aixm:horizontalProjection_location>
                        <aixm:ElevatedPoint srsName="urn:ogc:def:crs:EPSG::4326" gml:id="uuid.8c755520-b42b-11e3-a5e2-0800500c9a66.1.0.9">
                            <gml:pos>52.3727777777778 -31.9425</gml:pos>
                            <aixm:elevation uom="FT">858</aixm:elevation>
                        </aixm:ElevatedPoint>
                    </aixm:horizontalProjection_location>
                </aixm:VerticalStructurePart>
            </aixm:part>
        </aixm:VerticalStructureTimeSlice>
    </aixm:timeSlice>
    <!-- PERMDELTA 2/0 on 2012-10-11 extending crane operation times to 17:29 PM -->
    <aixm:timeSlice>
        <aixm:VerticalStructureTimeSlice gml:id="uuid.8c755520-b42b-11e3-a5e2-0800500c9a66.1.1">
            <gml:validTime>
                <gml:TimePeriod gml:id="uuid.8c755520-b42b-11e3-a5e2-0800500c9a66.1.1.1">
                    <gml:beginPosition>2012-10-01T05:31:00Z</gml:beginPosition>
                    <gml:endPosition>2012-10-11T15:30:00Z</gml:endPosition>
                </gml:TimePeriod>
            </gml:validTime>
            <aixm:interpretation>BASELINE</aixm:interpretation>
            <aixm:sequenceNumber>1</aixm:sequenceNumber>
            <aixm:correctionNumber>1</aixm:correctionNumber>
            <aixm:featureLifetime>
                <gml:TimePeriod gml:id="uuid.8c755520-b42b-11e3-a5e2-0800500c9a66.1.1.2">
                    <gml:beginPosition>2012-10-01T05:31:00Z</gml:beginPosition>
                    <gml:endPosition indeterminatePosition="unknown"/>
                </gml:TimePeriod>
            </aixm:featureLifetime>
            <aixm:name>EADD_CRANE_5</aixm:name>
            <aixm:type>CRANE</aixm:type>
            <aixm:lighted>YES</aixm:lighted>
            <aixm:part>
                <aixm:VerticalStructurePart gml:id="uuid.8c755520-b42b-11e3-a5e2-0800500c9a66.1.1.3">
                    <aixm:timeInterval>
                        <aixm:Timesheet gml:id="uuid.8c755520-b42b-11e3-a5e2-0800500c9a66.1.1.4">
                            <aixm:timeReference>UTC</aixm:timeReference>
                            <aixm:day>ANY</aixm:day>
                            <aixm:startTime>04:30</aixm:startTime>
                            <aixm:endTime>14:29</aixm:endTime>
                            <aixm:daylightSavingAdjust>NO</aixm:daylightSavingAdjust>
                        </aixm:Timesheet>
                    </aixm:timeInterval>
                    <aixm:verticalExtent uom="FT">85.0</aixm:verticalExtent>
                    <aixm:type>CRANE</aixm:type>
                    <aixm:mobile>YES</aixm:mobile>
                    <aixm:horizontalProjection_location>
                        <aixm:ElevatedPoint srsName="urn:ogc:def:crs:EPSG::4326" gml:id="uuid.8c755520-b42b-11e3-a5e2-0800500c9a66.1.1.5">
                            <gml:pos>52.3727777777778 -31.9425</gml:pos>
                            <aixm:elevation uom="FT">858</aixm:elevation>
                        </aixm:ElevatedPoint>
                    </aixm:horizontalProjection_location>
                </aixm:VerticalStructurePart>
            </aixm:part>
            <aixm:part>
                <aixm:VerticalStructurePart gml:id="uuid.8c755520-b42b-11e3-a5e2-0800500c9a66.1.1.6">
                    <aixm:timeInterval>
                        <aixm:Timesheet gml:id="uuid.8c755520-b42b-11e3-a5e2-0800500c9a66.1.1.7">
                            <aixm:timeReference>UTC</aixm:timeReference>
                            <aixm:day>ANY</aixm:day>
                            <aixm:startTime>00:00</aixm:startTime>
                            <aixm:endTime>24:00</aixm:endTime>
                            <aixm:daylightSavingAdjust>NO</aixm:daylightSavingAdjust>
                        </aixm:Timesheet>
                    </aixm:timeInterval>
                    <aixm:timeInterval>
                        <aixm:Timesheet gml:id="uuid.8c755520-b42b-11e3-a5e2-0800500c9a66.1.1.8">
                            <aixm:timeReference>UTC</aixm:timeReference>
                            <aixm:day>ANY</aixm:day>
                            <aixm:startTime>04:30</aixm:startTime>
                            <aixm:endTime>14:29</aixm:endTime>
                            <aixm:daylightSavingAdjust>NO</aixm:daylightSavingAdjust>
                            <aixm:excluded>YES</aixm:excluded>
                        </aixm:Timesheet>
                    </aixm:timeInterval>
                    <aixm:verticalExtent uom="FT">0.0</aixm:verticalExtent>
                    <aixm:type>CRANE</aixm:type>
                    <aixm:mobile>YES</aixm:mobile>
                    <aixm:horizontalProjection_location>
                        <aixm:ElevatedPoint srsName="urn:ogc:def:crs:EPSG::4326" gml:id="uuid.8c755520-b42b-11e3-a5e2-0800500c9a66.1.1.9">
                            <gml:pos>52.3727777777778 -31.9425</gml:pos>
                            <aixm:elevation uom="FT">858</aixm:elevation>
                        </aixm:ElevatedPoint>
                    </aixm:horizontalProjection_location>
                </aixm:VerticalStructurePart>
            </aixm:part>
        </aixm:VerticalStructureTimeSlice>
    </aixm:timeSlice>
    <aixm:timeSlice>
        <aixm:VerticalStructureTimeSlice gml:id="uuid.8c755520-b42b-11e3-a5e2-0800500c9a66.2.0">
            <gml:validTime>
                <gml:TimePeriod gml:id="uuid.8c755520-b42b-11e3-a5e2-0800500c9a66.2.0.1">
                    <gml:beginPosition>2012-10-11T15:30:00Z</gml:beginPosition>
                    <gml:endPosition indeterminatePosition="unknown"/>
                </gml:TimePeriod>
            </gml:validTime>
            <aixm:interpretation>BASELINE</aixm:interpretation>
            <aixm:sequenceNumber>2</aixm:sequenceNumber>
            <aixm:featureLifetime>
                <gml:TimePeriod gml:id="uuid.8c755520-b42b-11e3-a5e2-0800500c9a66.2.0.2">
                    <gml:beginPosition>2012-10-01T05:31:00Z</gml:beginPosition>
                    <gml:endPosition indeterminatePosition="unknown"/>
                </gml:TimePeriod>
            </aixm:featureLifetime>
            <aixm:name>EADD_CRANE_5</aixm:name>
            <aixm:type>CRANE</aixm:type>
            <aixm:lighted>YES</aixm:lighted>
            <aixm:part>
                <aixm:VerticalStructurePart gml:id="uuid.8c755520-b42b-11e3-a5e2-0800500c9a66.2.0.3">
                    <aixm:timeInterval>
                        <aixm:Timesheet gml:id="uuid.8c755520-b42b-11e3-a5e2-0800500c9a66.2.0.4">
                            <aixm:timeReference>UTC</aixm:timeReference>
                            <aixm:day>ANY</aixm:day>
                            <aixm:startTime>04:30</aixm:startTime>
                            <aixm:endTime>17:29</aixm:endTime>
                            <aixm:daylightSavingAdjust>NO</aixm:daylightSavingAdjust>
                        </aixm:Timesheet>
                    </aixm:timeInterval>
                    <aixm:verticalExtent uom="FT">85.0</aixm:verticalExtent>
                    <aixm:type>CRANE</aixm:type>
                    <aixm:mobile>YES</aixm:mobile>
                    <aixm:horizontalProjection_location>
                        <aixm:ElevatedPoint srsName="urn:ogc:def:crs:EPSG::4326" gml:id="uuid.8c755520-b42b-11e3-a5e2-0800500c9a66.2.0.5">
                            <gml:pos>52.3727777777778 -31.9425</gml:pos>
                            <aixm:elevation uom="FT">858</aixm:elevation>
                        </aixm:ElevatedPoint>
                    </aixm:horizontalProjection_location>
                </aixm:VerticalStructurePart>
            </aixm:part>
            <aixm:part>
                <aixm:VerticalStructurePart gml:id="uuid.8c755520-b42b-11e3-a5e2-0800500c9a66.2.0.6">
                    <aixm:timeInterval>
                        <aixm:Timesheet gml:id="uuid.8c755520-b42b-11e3-a5e2-0800500c9a66.2.0.7">
                            <aixm:timeReference>UTC</aixm:timeReference>
                            <aixm:day>ANY</aixm:day>
                            <aixm:startTime>00:00</aixm:startTime>
                            <aixm:endTime>24:00</aixm:endTime>
                            <aixm:daylightSavingAdjust>NO</aixm:daylightSavingAdjust>
                        </aixm:Timesheet>
                    </aixm:timeInterval>
                    <aixm:timeInterval>
                        <aixm:Timesheet gml:id="uuid.8c755520-b42b-11e3-a5e2-0800500c9a66.2.0.8">
                            <aixm:timeReference>UTC</aixm:timeReference>
                            <aixm:day>ANY</aixm:day>
                            <aixm:startTime>04:30</aixm:startTime>
                            <aixm:endTime>17:29</aixm:endTime>
                            <aixm:daylightSavingAdjust>NO</aixm:daylightSavingAdjust>
                            <aixm:excluded>YES</aixm:excluded>
                        </aixm:Timesheet>
                    </aixm:timeInterval>
                    <aixm:verticalExtent uom="FT">0.0</aixm:verticalExtent>
                    <aixm:type>CRANE</aixm:type>
                    <aixm:mobile>YES</aixm:mobile>
                    <aixm:horizontalProjection_location>
                        <aixm:ElevatedPoint srsName="urn:ogc:def:crs:EPSG::4326" gml:id="uuid.8c755520-b42b-11e3-a5e2-0800500c9a66.2.0.9">
                            <gml:pos>52.3727777777778 -31.9425</gml:pos>
                            <aixm:elevation uom="FT">858</aixm:elevation>
                        </aixm:ElevatedPoint>
                    </aixm:horizontalProjection_location>
                </aixm:VerticalStructurePart>
            </aixm:part>
        </aixm:VerticalStructureTimeSlice>
    </aixm:timeSlice>
    <!-- new PERMDELTA 3/0 on 2012-11-01 changing crane operation times to 4:30 AM - 16:29 PM -->
    <aixm:timeSlice>
        <aixm:VerticalStructureTimeSlice gml:id="uuid.8c755520-b42b-11e3-a5e2-0800500c9a66.2.1">
            <gml:validTime>
                <gml:TimePeriod gml:id="uuid.8c755520-b42b-11e3-a5e2-0800500c9a66.2.1.1">
                    <gml:beginPosition>2012-10-11T15:30:00Z</gml:beginPosition>
                    <gml:endPosition>2012-11-01T15:30:00Z</gml:endPosition>
                </gml:TimePeriod>
            </gml:validTime>
            <aixm:interpretation>BASELINE</aixm:interpretation>
            <aixm:sequenceNumber>2</aixm:sequenceNumber>
            <aixm:correctionNumber>1</aixm:correctionNumber>
            <aixm:featureLifetime>
                <gml:TimePeriod gml:id="uuid.8c755520-b42b-11e3-a5e2-0800500c9a66.2.1.2">
                    <gml:beginPosition>2012-10-01T05:31:00Z</gml:beginPosition>
                    <gml:endPosition indeterminatePosition="unknown"/>
                </gml:TimePeriod>
            </aixm:featureLifetime>
            <aixm:name>EADD_CRANE_5</aixm:name>
            <aixm:type>CRANE</aixm:type>
            <aixm:lighted>YES</aixm:lighted>
            <aixm:part>
                <aixm:VerticalStructurePart gml:id="uuid.8c755520-b42b-11e3-a5e2-0800500c9a66.2.1.3">
                    <aixm:timeInterval>
                        <aixm:Timesheet gml:id="uuid.8c755520-b42b-11e3-a5e2-0800500c9a66.2.1.4">
                            <aixm:timeReference>UTC</aixm:timeReference>
                            <aixm:day>ANY</aixm:day>
                            <aixm:startTime>04:30</aixm:startTime>
                            <aixm:endTime>17:29</aixm:endTime>
                            <aixm:daylightSavingAdjust>NO</aixm:daylightSavingAdjust>
                        </aixm:Timesheet>
                    </aixm:timeInterval>
                    <aixm:verticalExtent uom="FT">85.0</aixm:verticalExtent>
                    <aixm:type>CRANE</aixm:type>
                    <aixm:mobile>YES</aixm:mobile>
                    <aixm:horizontalProjection_location>
                        <aixm:ElevatedPoint srsName="urn:ogc:def:crs:EPSG::4326" gml:id="uuid.8c755520-b42b-11e3-a5e2-0800500c9a66.2.1.5">
                            <gml:pos>52.3727777777778 -31.9425</gml:pos>
                            <aixm:elevation uom="FT">858</aixm:elevation>
                        </aixm:ElevatedPoint>
                    </aixm:horizontalProjection_location>
                </aixm:VerticalStructurePart>
            </aixm:part>
            <aixm:part>
                <aixm:VerticalStructurePart gml:id="uuid.8c755520-b42b-11e3-a5e2-0800500c9a66.2.1.6">
                    <aixm:timeInterval>
                        <aixm:Timesheet gml:id="uuid.8c755520-b42b-11e3-a5e2-0800500c9a66.2.1.7">
                            <aixm:timeReference>UTC</aixm:timeReference>
                            <aixm:day>ANY</aixm:day>
                            <aixm:startTime>00:00</aixm:startTime>
                            <aixm:endTime>24:00</aixm:endTime>
                            <aixm:daylightSavingAdjust>NO</aixm:daylightSavingAdjust>
                        </aixm:Timesheet>
                    </aixm:timeInterval>
                    <aixm:timeInterval>
                        <aixm:Timesheet gml:id="uuid.8c755520-b42b-11e3-a5e2-0800500c9a66.2.1.8">
                            <aixm:timeReference>UTC</aixm:timeReference>
                            <aixm:day>ANY</aixm:day>
                            <aixm:startTime>04:30</aixm:startTime>
                            <aixm:endTime>17:29</aixm:endTime>
                            <aixm:daylightSavingAdjust>NO</aixm:daylightSavingAdjust>
                            <aixm:excluded>YES</aixm:excluded>
                        </aixm:Timesheet>
                    </aixm:timeInterval>
                    <aixm:verticalExtent uom="FT">0.0</aixm:verticalExtent>
                    <aixm:type>CRANE</aixm:type>
                    <aixm:mobile>YES</aixm:mobile>
                    <aixm:horizontalProjection_location>
                        <aixm:ElevatedPoint srsName="urn:ogc:def:crs:EPSG::4326" gml:id="uuid.8c755520-b42b-11e3-a5e2-0800500c9a66.2.1.9">
                            <gml:pos>52.3727777777778 -31.9425</gml:pos>
                            <aixm:elevation uom="FT">858</aixm:elevation>
                        </aixm:ElevatedPoint>
                    </aixm:horizontalProjection_location>
                </aixm:VerticalStructurePart>
            </aixm:part>
        </aixm:VerticalStructureTimeSlice>
    </aixm:timeSlice>
    <aixm:timeSlice>
        <aixm:VerticalStructureTimeSlice gml:id="uuid.8c755520-b42b-11e3-a5e2-0800500c9a66.3.0">
            <gml:validTime>
                <gml:TimePeriod gml:id="uuid.8c755520-b42b-11e3-a5e2-0800500c9a66.3.0.1">
                    <gml:beginPosition>2012-11-01T15:30:00Z</gml:beginPosition>
                    <gml:endPosition indeterminatePosition="unknown"/>
                </gml:TimePeriod>
            </gml:validTime>
            <aixm:interpretation>BASELINE</aixm:interpretation>
            <aixm:sequenceNumber>3</aixm:sequenceNumber>
            <aixm:featureLifetime>
                <gml:TimePeriod gml:id="uuid.8c755520-b42b-11e3-a5e2-0800500c9a66.3.0.2">
                    <gml:beginPosition>2012-10-01T05:31:00Z</gml:beginPosition>
                    <gml:endPosition indeterminatePosition="unknown"/>
                </gml:TimePeriod>
            </aixm:featureLifetime>
            <aixm:name>EADD_CRANE_5</aixm:name>
            <aixm:type>CRANE</aixm:type>
            <aixm:lighted>YES</aixm:lighted>
            <aixm:part>
                <aixm:VerticalStructurePart gml:id="uuid.8c755520-b42b-11e3-a5e2-0800500c9a66.3.0.3">
                    <aixm:timeInterval>
                        <aixm:Timesheet gml:id="uuid.8c755520-b42b-11e3-a5e2-0800500c9a66.3.0.4">
                            <aixm:timeReference>UTC</aixm:timeReference>
                            <aixm:day>ANY</aixm:day>
                            <aixm:startTime>04:30</aixm:startTime>
                            <aixm:endTime>16:29</aixm:endTime>
                            <aixm:daylightSavingAdjust>NO</aixm:daylightSavingAdjust>
                        </aixm:Timesheet>
                    </aixm:timeInterval>
                    <aixm:verticalExtent uom="FT">85.0</aixm:verticalExtent>
                    <aixm:type>CRANE</aixm:type>
                    <aixm:mobile>YES</aixm:mobile>
                    <aixm:horizontalProjection_location>
                        <aixm:ElevatedPoint srsName="urn:ogc:def:crs:EPSG::4326" gml:id="uuid.8c755520-b42b-11e3-a5e2-0800500c9a66.3.0.5">
                            <gml:pos>52.3727777777778 -31.9425</gml:pos>
                            <aixm:elevation uom="FT">858</aixm:elevation>
                        </aixm:ElevatedPoint>
                    </aixm:horizontalProjection_location>
                </aixm:VerticalStructurePart>
            </aixm:part>
            <aixm:part>
                <aixm:VerticalStructurePart gml:id="uuid.8c755520-b42b-11e3-a5e2-0800500c9a66.3.0.6">
                    <aixm:timeInterval>
                        <aixm:Timesheet gml:id="uuid.8c755520-b42b-11e3-a5e2-0800500c9a66.3.0.7">
                            <aixm:timeReference>UTC</aixm:timeReference>
                            <aixm:day>ANY</aixm:day>
                            <aixm:startTime>00:00</aixm:startTime>
                            <aixm:endTime>24:00</aixm:endTime>
                            <aixm:daylightSavingAdjust>NO</aixm:daylightSavingAdjust>
                        </aixm:Timesheet>
                    </aixm:timeInterval>
                    <aixm:timeInterval>
                        <aixm:Timesheet gml:id="uuid.8c755520-b42b-11e3-a5e2-0800500c9a66.3.0.8">
                            <aixm:timeReference>UTC</aixm:timeReference>
                            <aixm:day>ANY</aixm:day>
                            <aixm:startTime>04:30</aixm:startTime>
                            <aixm:endTime>16:29</aixm:endTime>
                            <aixm:daylightSavingAdjust>NO</aixm:daylightSavingAdjust>
                            <aixm:excluded>YES</aixm:excluded>
                        </aixm:Timesheet>
                    </aixm:timeInterval>
                    <aixm:verticalExtent uom="FT">0.0</aixm:verticalExtent>
                    <aixm:type>CRANE</aixm:type>
                    <aixm:mobile>YES</aixm:mobile>
                    <aixm:horizontalProjection_location>
                        <aixm:ElevatedPoint srsName="urn:ogc:def:crs:EPSG::4326" gml:id="uuid.8c755520-b42b-11e3-a5e2-0800500c9a66.3.0.9">
                            <gml:pos>52.3727777777778 -31.9425</gml:pos>
                            <aixm:elevation uom="FT">858</aixm:elevation>
                        </aixm:ElevatedPoint>
                    </aixm:horizontalProjection_location>
                </aixm:VerticalStructurePart>
            </aixm:part>
        </aixm:VerticalStructureTimeSlice>
    </aixm:timeSlice>
    <aixm:timeSlice>
        <!-- TEMPDELTA from 2012-10-12 to 2012-10-18 pausing crane operations -->
        <aixm:VerticalStructureTimeSlice gml:id="ID_495">
            <gml:validTime>
                <gml:TimePeriod gml:id="ID_496">
                    <gml:beginPosition>2012-10-12T00:00:00Z</gml:beginPosition>
                    <gml:endPosition>2012-10-18T23:59:59Z</gml:endPosition>
                </gml:TimePeriod>
            </gml:validTime>
            <aixm:interpretation>TEMPDELTA</aixm:interpretation>
            <aixm:sequenceNumber>1</aixm:sequenceNumber>
            <aixm:lighted>NO</aixm:lighted>
            <aixm:part>
                <aixm:VerticalStructurePart gml:id="ID_497">
                    <aixm:timeInterval>
                        <aixm:Timesheet gml:id="ID_498">
                            <aixm:timeReference>UTC</aixm:timeReference>
                            <aixm:day>ANY</aixm:day>
                            <aixm:startTime>00:00</aixm:startTime>
                            <aixm:endTime>24:00</aixm:endTime>
                            <aixm:daylightSavingAdjust>NO</aixm:daylightSavingAdjust>
                        </aixm:Timesheet>
                    </aixm:timeInterval>
                    <aixm:verticalExtent uom="FT">0.0</aixm:verticalExtent>
                    <aixm:type>CRANE</aixm:type>
                    <aixm:mobile>YES</aixm:mobile>
                    <aixm:horizontalProjection_location>
                        <aixm:ElevatedPoint srsName="urn:ogc:def:crs:EPSG::4326" gml:id="ID_499">
                            <gml:pos>52.3727777777778 -31.9425</gml:pos>
                            <aixm:elevation uom="FT">858</aixm:elevation>
                        </aixm:ElevatedPoint>
                    </aixm:horizontalProjection_location>
                </aixm:VerticalStructurePart>
            </aixm:part>
        </aixm:VerticalStructureTimeSlice>
    </aixm:timeSlice>
    <aixm:timeSlice>
        <!-- TEMPDELTA correction: lighting changed and valid time changed from 2012-10-12 to 2012-10-19 pausing crane operations -->
        <aixm:VerticalStructureTimeSlice gml:id="ID_500">
            <gml:validTime>
                <gml:TimePeriod gml:id="ID_501">
                    <gml:beginPosition>2012-10-12T00:00:00Z</gml:beginPosition>
                    <gml:endPosition>2012-10-19T23:59:59Z</gml:endPosition>
                </gml:TimePeriod>
            </gml:validTime>
            <aixm:interpretation>TEMPDELTA</aixm:interpretation>
            <aixm:sequenceNumber>1</aixm:sequenceNumber>
            <aixm:correctionNumber>1</aixm:correctionNumber>
            <aixm:part>
                <aixm:VerticalStructurePart gml:id="ID_502">
                    <aixm:timeInterval>
                        <aixm:Timesheet gml:id="ID_503">
                            <aixm:timeReference>UTC</aixm:timeReference>
                            <aixm:day>ANY</aixm:day>
                            <aixm:startTime>00:00</aixm:startTime>
                            <aixm:endTime>24:00</aixm:endTime>
                            <aixm:daylightSavingAdjust>NO</aixm:daylightSavingAdjust>
                        </aixm:Timesheet>
                    </aixm:timeInterval>
                    <aixm:verticalExtent uom="FT">0.0</aixm:verticalExtent>
                    <aixm:type>CRANE</aixm:type>
                    <aixm:mobile>YES</aixm:mobile>
                    <aixm:horizontalProjection_location>
                        <aixm:ElevatedPoint srsName="urn:ogc:def:crs:EPSG::4326" gml:id="ID_504">
                            <gml:pos>52.3727777777778 -31.9425</gml:pos>
                            <aixm:elevation uom="FT">858</aixm:elevation>
                        </aixm:ElevatedPoint>
                    </aixm:horizontalProjection_location>
                </aixm:VerticalStructurePart>
            </aixm:part>
        </aixm:VerticalStructureTimeSlice>
    </aixm:timeSlice>
</aixm:VerticalStructure>
